TITLE: abcdefghijklmnopqrstuvwxyzåäö
ARTIST: ABCDEFGHIJKLMNOPQRSTUVWXYZÅÄÖ
ALBUM: abcdefghijklmnopqrstuvwxyzåäö
GENRE: abcdefghijklmnopqrstuvwxyzåäö
TRACK: 5
YEAR: 1990
COMMENT: abcdefghijklmnopqrstuvwxyzåäö
